warning: unused label
   --> src/automation/server.rs:255:5
    |
255 |     'read_loop: loop {
    |     ^^^^^^^^^^
    |
    = note: `#[warn(unused_labels)]` (part of `#[warn(unused)]`) on by default

[2m2025-12-28T23:27:19.819385Z[0m [32m INFO[0m [2mmdminecraft[0m[2m:[0m Starting mdminecraft v0.1.0
[2m2025-12-28T23:27:19.820110Z[0m [32m INFO[0m [2mmdminecraft::automation::server[0m[2m:[0m Automation server listening [3maddr[0m[2m=[0m127.0.0.1:4242
[2m2025-12-28T23:27:19.820382Z[0m [32m INFO[0m [2mmdminecraft::game[0m[2m:[0m Initializing headless game world...
[2m2025-12-28T23:27:19.820407Z[0m [32m INFO[0m [2mmdminecraft_render[0m[2m:[0m renderer initialized [3mconfig[0m[2m=[0mRendererConfig { width: 1280, height: 720, headless: true }
[2m2025-12-28T23:27:19.840448Z[0m [33m WARN[0m [2mwgpu_hal::vulkan::instance[0m[2m:[0m InstanceFlags::VALIDATION requested, but unable to find layer: VK_LAYER_KHRONOS_validation
[2m2025-12-28T23:27:19.845182Z[0m [32m INFO[0m [2mwgpu_hal::vulkan::instance[0m[2m:[0m Debug utils not enabled: debug_utils_user_data not passed to Instance::from_raw
[2m2025-12-28T23:27:19.849869Z[0m [32m INFO[0m [2mwgpu_hal::gles::egl[0m[2m:[0m Using Wayland platform
[2m2025-12-28T23:27:19.869922Z[0m [32m INFO[0m [2mwgpu_core::instance[0m[2m:[0m Adapter Vulkan AdapterInfo { name: "llvmpipe (LLVM 20.1.2, 256 bits)", vendor: 65541, device: 0, device_type: Cpu, driver: "llvmpipe", driver_info: "Mesa 25.0.7-0ubuntu0.24.04.2 (LLVM 20.1.2)", backend: Vulkan }
[2m2025-12-28T23:27:19.886010Z[0m [32m INFO[0m [2mmdminecraft_render::pipeline[0m[2m:[0m GPU headless rendering context initialized [3mwidth[0m[2m=[0m1280 [3mheight[0m[2m=[0m720 [3mformat[0m[2m=[0mRgba8UnormSrgb
[2m2025-12-28T23:27:19.904727Z[0m [32m INFO[0m [2mnaga::back::spv::writer[0m[2m:[0m Skip function Some("apply_fog")
[2m2025-12-28T23:27:19.904898Z[0m [32m INFO[0m [2mnaga::back::spv::writer[0m[2m:[0m Skip function Some("tile_local_uv")
[2m2025-12-28T23:27:19.904908Z[0m [32m INFO[0m [2mnaga::back::spv::writer[0m[2m:[0m Skip function Some("tile_atlas_uv")
[2m2025-12-28T23:27:19.904913Z[0m [32m INFO[0m [2mnaga::back::spv::writer[0m[2m:[0m Skip function Some("shade_voxel")
[2m2025-12-28T23:27:19.916140Z[0m [32m INFO[0m [2mnaga::back::spv::writer[0m[2m:[0m Skip function Some("apply_fog")
[2m2025-12-28T23:27:19.916314Z[0m [32m INFO[0m [2mnaga::back::spv::writer[0m[2m:[0m Skip function Some("tile_local_uv")
[2m2025-12-28T23:27:19.916324Z[0m [32m INFO[0m [2mnaga::back::spv::writer[0m[2m:[0m Skip function Some("tile_atlas_uv")
[2m2025-12-28T23:27:19.916329Z[0m [32m INFO[0m [2mnaga::back::spv::writer[0m[2m:[0m Skip function Some("shade_voxel")
[2m2025-12-28T23:27:19.946313Z[0m [32m INFO[0m [2mmdminecraft::game[0m[2m:[0m World Seed: 1
[2m2025-12-28T23:27:20.829719Z[0m [32m INFO[0m [2mmdminecraft_world::mob[0m[2m:[0m Spawned mobs in chunk [3mchunk_x[0m[2m=[0m0 [3mchunk_z[0m[2m=[0m0 [3mbiome[0m[2m=[0mBirchForest [3mmob_count[0m[2m=[0m3
[2m2025-12-28T23:27:20.829785Z[0m [32m INFO[0m [2mmdminecraft::game[0m[2m:[0m Adding mobs to world [3mchunk_x[0m[2m=[0m0 [3mchunk_z[0m[2m=[0m0 [3mnew_mob_count[0m[2m=[0m3 [3mtotal_mobs[0m[2m=[0m3
[2m2025-12-28T23:27:21.853737Z[0m [32m INFO[0m [2mmdminecraft_world::mob[0m[2m:[0m Spawned mobs in chunk [3mchunk_x[0m[2m=[0m-1 [3mchunk_z[0m[2m=[0m0 [3mbiome[0m[2m=[0mPlains [3mmob_count[0m[2m=[0m3
[2m2025-12-28T23:27:21.853811Z[0m [32m INFO[0m [2mmdminecraft::game[0m[2m:[0m Adding mobs to world [3mchunk_x[0m[2m=[0m-1 [3mchunk_z[0m[2m=[0m0 [3mnew_mob_count[0m[2m=[0m3 [3mtotal_mobs[0m[2m=[0m6
[2m2025-12-28T23:27:23.044923Z[0m [32m INFO[0m [2mmdminecraft_world::mob[0m[2m:[0m Spawned mobs in chunk [3mchunk_x[0m[2m=[0m0 [3mchunk_z[0m[2m=[0m-1 [3mbiome[0m[2m=[0mForest [3mmob_count[0m[2m=[0m1
[2m2025-12-28T23:27:23.044996Z[0m [32m INFO[0m [2mmdminecraft::game[0m[2m:[0m Adding mobs to world [3mchunk_x[0m[2m=[0m0 [3mchunk_z[0m[2m=[0m-1 [3mnew_mob_count[0m[2m=[0m1 [3mtotal_mobs[0m[2m=[0m7
[2m2025-12-28T23:27:25.832659Z[0m [32m INFO[0m [2mmdminecraft_world::mob[0m[2m:[0m Spawned mobs in chunk [3mchunk_x[0m[2m=[0m1 [3mchunk_z[0m[2m=[0m0 [3mbiome[0m[2m=[0mBirchForest [3mmob_count[0m[2m=[0m3
[2m2025-12-28T23:27:25.832742Z[0m [32m INFO[0m [2mmdminecraft::game[0m[2m:[0m Adding mobs to world [3mchunk_x[0m[2m=[0m1 [3mchunk_z[0m[2m=[0m0 [3mnew_mob_count[0m[2m=[0m3 [3mtotal_mobs[0m[2m=[0m10
[2m2025-12-28T23:27:27.383559Z[0m [32m INFO[0m [2mmdminecraft_world::mob[0m[2m:[0m Spawned mobs in chunk [3mchunk_x[0m[2m=[0m-1 [3mchunk_z[0m[2m=[0m-1 [3mbiome[0m[2m=[0mBirchForest [3mmob_count[0m[2m=[0m3
[2m2025-12-28T23:27:27.383670Z[0m [32m INFO[0m [2mmdminecraft::game[0m[2m:[0m Adding mobs to world [3mchunk_x[0m[2m=[0m-1 [3mchunk_z[0m[2m=[0m-1 [3mnew_mob_count[0m[2m=[0m3 [3mtotal_mobs[0m[2m=[0m13
[2m2025-12-28T23:27:29.045840Z[0m [32m INFO[0m [2mmdminecraft_world::mob[0m[2m:[0m Spawned mobs in chunk [3mchunk_x[0m[2m=[0m-1 [3mchunk_z[0m[2m=[0m1 [3mbiome[0m[2m=[0mHills [3mmob_count[0m[2m=[0m4
[2m2025-12-28T23:27:29.045954Z[0m [32m INFO[0m [2mmdminecraft::game[0m[2m:[0m Adding mobs to world [3mchunk_x[0m[2m=[0m-1 [3mchunk_z[0m[2m=[0m1 [3mnew_mob_count[0m[2m=[0m4 [3mtotal_mobs[0m[2m=[0m17
[2m2025-12-28T23:27:30.889643Z[0m [32m INFO[0m [2mmdminecraft_world::mob[0m[2m:[0m Spawned mobs in chunk [3mchunk_x[0m[2m=[0m1 [3mchunk_z[0m[2m=[0m-1 [3mbiome[0m[2m=[0mForest [3mmob_count[0m[2m=[0m3
[2m2025-12-28T23:27:30.889719Z[0m [32m INFO[0m [2mmdminecraft::game[0m[2m:[0m Adding mobs to world [3mchunk_x[0m[2m=[0m1 [3mchunk_z[0m[2m=[0m-1 [3mnew_mob_count[0m[2m=[0m3 [3mtotal_mobs[0m[2m=[0m20
[2m2025-12-28T23:27:30.891750Z[0m [32m INFO[0m [2mmdminecraft::game[0m[2m:[0m Starting headless step mode [3mmax_ticks[0m[2m=[0mNone [3mexit_when_script_finished[0m[2m=[0mfalse [3mexit_when_disconnected[0m[2m=[0mtrue
[2m2025-12-28T23:27:40.019031Z[0m [32m INFO[0m [2mmdminecraft_world::mob[0m[2m:[0m Spawned mobs in chunk [3mchunk_x[0m[2m=[0m-2 [3mchunk_z[0m[2m=[0m0 [3mbiome[0m[2m=[0mPlains [3mmob_count[0m[2m=[0m3
[2m2025-12-28T23:27:40.019127Z[0m [32m INFO[0m [2mmdminecraft::game[0m[2m:[0m Adding mobs to world [3mchunk_x[0m[2m=[0m-2 [3mchunk_z[0m[2m=[0m0 [3mnew_mob_count[0m[2m=[0m3 [3mtotal_mobs[0m[2m=[0m23
[2m2025-12-28T23:27:45.491792Z[0m [32m INFO[0m [2mmdminecraft_world::mob[0m[2m:[0m Spawned mobs in chunk [3mchunk_x[0m[2m=[0m2 [3mchunk_z[0m[2m=[0m0 [3mbiome[0m[2m=[0mPlains [3mmob_count[0m[2m=[0m3
[2m2025-12-28T23:27:45.491866Z[0m [32m INFO[0m [2mmdminecraft::game[0m[2m:[0m Adding mobs to world [3mchunk_x[0m[2m=[0m2 [3mchunk_z[0m[2m=[0m0 [3mnew_mob_count[0m[2m=[0m3 [3mtotal_mobs[0m[2m=[0m26
[2m2025-12-28T23:27:54.004390Z[0m [32m INFO[0m [2mmdminecraft_world::mob[0m[2m:[0m Spawned mobs in chunk [3mchunk_x[0m[2m=[0m-1 [3mchunk_z[0m[2m=[0m2 [3mbiome[0m[2m=[0mHills [3mmob_count[0m[2m=[0m3
[2m2025-12-28T23:27:54.004512Z[0m [32m INFO[0m [2mmdminecraft::game[0m[2m:[0m Adding mobs to world [3mchunk_x[0m[2m=[0m-1 [3mchunk_z[0m[2m=[0m2 [3mnew_mob_count[0m[2m=[0m3 [3mtotal_mobs[0m[2m=[0m29
[2m2025-12-28T23:27:56.105983Z[0m [32m INFO[0m [2mmdminecraft_world::mob[0m[2m:[0m Spawned mobs in chunk [3mchunk_x[0m[2m=[0m1 [3mchunk_z[0m[2m=[0m-2 [3mbiome[0m[2m=[0mForest [3mmob_count[0m[2m=[0m3
[2m2025-12-28T23:27:56.106049Z[0m [32m INFO[0m [2mmdminecraft::game[0m[2m:[0m Adding mobs to world [3mchunk_x[0m[2m=[0m1 [3mchunk_z[0m[2m=[0m-2 [3mnew_mob_count[0m[2m=[0m3 [3mtotal_mobs[0m[2m=[0m32
[2m2025-12-28T23:27:56.451946Z[0m [32m INFO[0m [2mmdminecraft::input[0m[2m:[0m Keys pressed [3mkeys[0m[2m=[0m{KeyW} [3mcontext[0m[2m=[0mGameplay
[2m2025-12-28T23:27:56.452007Z[0m [32m INFO[0m [2mmdminecraft::input[0m[2m:[0m Movement input detected [3mmove_x[0m[2m=[0m0.0 [3mmove_y[0m[2m=[0m1.0 [3mmove_z[0m[2m=[0m0.0
[2m2025-12-28T23:27:58.476048Z[0m [32m INFO[0m [2mmdminecraft::input[0m[2m:[0m Keys pressed [3mkeys[0m[2m=[0m{KeyW} [3mcontext[0m[2m=[0mGameplay
[2m2025-12-28T23:27:58.476122Z[0m [32m INFO[0m [2mmdminecraft::input[0m[2m:[0m Movement input detected [3mmove_x[0m[2m=[0m0.0 [3mmove_y[0m[2m=[0m1.0 [3mmove_z[0m[2m=[0m0.0
[2m2025-12-28T23:28:00.563108Z[0m [32m INFO[0m [2mmdminecraft_world::mob[0m[2m:[0m Spawned mobs in chunk [3mchunk_x[0m[2m=[0m2 [3mchunk_z[0m[2m=[0m-1 [3mbiome[0m[2m=[0mForest [3mmob_count[0m[2m=[0m3
[2m2025-12-28T23:28:00.563181Z[0m [32m INFO[0m [2mmdminecraft::game[0m[2m:[0m Adding mobs to world [3mchunk_x[0m[2m=[0m2 [3mchunk_z[0m[2m=[0m-1 [3mnew_mob_count[0m[2m=[0m3 [3mtotal_mobs[0m[2m=[0m35
[2m2025-12-28T23:28:00.563482Z[0m [32m INFO[0m [2mmdminecraft::input[0m[2m:[0m Keys pressed [3mkeys[0m[2m=[0m{KeyW} [3mcontext[0m[2m=[0mGameplay
[2m2025-12-28T23:28:00.563504Z[0m [32m INFO[0m [2mmdminecraft::input[0m[2m:[0m Movement input detected [3mmove_x[0m[2m=[0m0.0 [3mmove_y[0m[2m=[0m1.0 [3mmove_z[0m[2m=[0m0.0
[2m2025-12-28T23:28:02.809772Z[0m [32m INFO[0m [2mmdminecraft_world::mob[0m[2m:[0m Spawned mobs in chunk [3mchunk_x[0m[2m=[0m2 [3mchunk_z[0m[2m=[0m1 [3mbiome[0m[2m=[0mPlains [3mmob_count[0m[2m=[0m3
[2m2025-12-28T23:28:02.809840Z[0m [32m INFO[0m [2mmdminecraft::game[0m[2m:[0m Adding mobs to world [3mchunk_x[0m[2m=[0m2 [3mchunk_z[0m[2m=[0m1 [3mnew_mob_count[0m[2m=[0m3 [3mtotal_mobs[0m[2m=[0m38
[2m2025-12-28T23:28:02.810137Z[0m [32m INFO[0m [2mmdminecraft::input[0m[2m:[0m Keys pressed [3mkeys[0m[2m=[0m{KeyW} [3mcontext[0m[2m=[0mGameplay
[2m2025-12-28T23:28:02.810158Z[0m [32m INFO[0m [2mmdminecraft::input[0m[2m:[0m Movement input detected [3mmove_x[0m[2m=[0m0.0 [3mmove_y[0m[2m=[0m1.0 [3mmove_z[0m[2m=[0m0.0
[2m2025-12-28T23:28:04.745015Z[0m [32m INFO[0m [2mmdminecraft::input[0m[2m:[0m Keys pressed [3mkeys[0m[2m=[0m{KeyW} [3mcontext[0m[2m=[0mGameplay
[2m2025-12-28T23:28:04.745096Z[0m [32m INFO[0m [2mmdminecraft::input[0m[2m:[0m Movement input detected [3mmove_x[0m[2m=[0m0.0 [3mmove_y[0m[2m=[0m1.0 [3mmove_z[0m[2m=[0m0.0
[2m2025-12-28T23:28:06.694989Z[0m [32m INFO[0m [2mmdminecraft_world::mob[0m[2m:[0m Spawned mobs in chunk [3mchunk_x[0m[2m=[0m-2 [3mchunk_z[0m[2m=[0m2 [3mbiome[0m[2m=[0mHills [3mmob_count[0m[2m=[0m3
[2m2025-12-28T23:28:06.695057Z[0m [32m INFO[0m [2mmdminecraft::game[0m[2m:[0m Adding mobs to world [3mchunk_x[0m[2m=[0m-2 [3mchunk_z[0m[2m=[0m2 [3mnew_mob_count[0m[2m=[0m3 [3mtotal_mobs[0m[2m=[0m41
[2m2025-12-28T23:28:08.992187Z[0m [32m INFO[0m [2mmdminecraft_world::mob[0m[2m:[0m Spawned mobs in chunk [3mchunk_x[0m[2m=[0m2 [3mchunk_z[0m[2m=[0m-2 [3mbiome[0m[2m=[0mForest [3mmob_count[0m[2m=[0m3
[2m2025-12-28T23:28:08.992261Z[0m [32m INFO[0m [2mmdminecraft::game[0m[2m:[0m Adding mobs to world [3mchunk_x[0m[2m=[0m2 [3mchunk_z[0m[2m=[0m-2 [3mnew_mob_count[0m[2m=[0m3 [3mtotal_mobs[0m[2m=[0m44
[2m2025-12-28T23:28:10.951583Z[0m [32m INFO[0m [2mmdminecraft_world::mob[0m[2m:[0m Spawned mobs in chunk [3mchunk_x[0m[2m=[0m2 [3mchunk_z[0m[2m=[0m2 [3mbiome[0m[2m=[0mPlains [3mmob_count[0m[2m=[0m3
[2m2025-12-28T23:28:10.951687Z[0m [32m INFO[0m [2mmdminecraft::game[0m[2m:[0m Adding mobs to world [3mchunk_x[0m[2m=[0m2 [3mchunk_z[0m[2m=[0m2 [3mnew_mob_count[0m[2m=[0m3 [3mtotal_mobs[0m[2m=[0m47
[2m2025-12-28T23:28:13.096642Z[0m [32m INFO[0m [2mmdminecraft_world::mob[0m[2m:[0m Spawned mobs in chunk [3mchunk_x[0m[2m=[0m-3 [3mchunk_z[0m[2m=[0m0 [3mbiome[0m[2m=[0mBirchForest [3mmob_count[0m[2m=[0m2
[2m2025-12-28T23:28:13.096712Z[0m [32m INFO[0m [2mmdminecraft::game[0m[2m:[0m Adding mobs to world [3mchunk_x[0m[2m=[0m-3 [3mchunk_z[0m[2m=[0m0 [3mnew_mob_count[0m[2m=[0m2 [3mtotal_mobs[0m[2m=[0m49
[2m2025-12-28T23:28:17.439116Z[0m [32m INFO[0m [2mmdminecraft_world::mob[0m[2m:[0m Spawned mobs in chunk [3mchunk_x[0m[2m=[0m0 [3mchunk_z[0m[2m=[0m3 [3mbiome[0m[2m=[0mPlains [3mmob_count[0m[2m=[0m3
[2m2025-12-28T23:28:17.439252Z[0m [32m INFO[0m [2mmdminecraft::game[0m[2m:[0m Adding mobs to world [3mchunk_x[0m[2m=[0m0 [3mchunk_z[0m[2m=[0m3 [3mnew_mob_count[0m[2m=[0m3 [3mtotal_mobs[0m[2m=[0m52
[2m2025-12-28T23:28:17.804312Z[0m [32m INFO[0m [2mmdminecraft::input[0m[2m:[0m Keys pressed [3mkeys[0m[2m=[0m{ControlLeft, KeyW} [3mcontext[0m[2m=[0mGameplay
[2m2025-12-28T23:28:17.804367Z[0m [32m INFO[0m [2mmdminecraft::input[0m[2m:[0m Movement input detected [3mmove_x[0m[2m=[0m0.0 [3mmove_y[0m[2m=[0m1.0 [3mmove_z[0m[2m=[0m0.0
[2m2025-12-28T23:28:20.038203Z[0m [32m INFO[0m [2mmdminecraft_world::mob[0m[2m:[0m Spawned mobs in chunk [3mchunk_x[0m[2m=[0m3 [3mchunk_z[0m[2m=[0m0 [3mbiome[0m[2m=[0mPlains [3mmob_count[0m[2m=[0m3
[2m2025-12-28T23:28:20.038273Z[0m [32m INFO[0m [2mmdminecraft::game[0m[2m:[0m Adding mobs to world [3mchunk_x[0m[2m=[0m3 [3mchunk_z[0m[2m=[0m0 [3mnew_mob_count[0m[2m=[0m3 [3mtotal_mobs[0m[2m=[0m55
[2m2025-12-28T23:28:20.038661Z[0m [32m INFO[0m [2mmdminecraft::input[0m[2m:[0m Keys pressed [3mkeys[0m[2m=[0m{ControlLeft, KeyW} [3mcontext[0m[2m=[0mGameplay
[2m2025-12-28T23:28:20.038687Z[0m [32m INFO[0m [2mmdminecraft::input[0m[2m:[0m Movement input detected [3mmove_x[0m[2m=[0m0.0 [3mmove_y[0m[2m=[0m1.0 [3mmove_z[0m[2m=[0m0.0
[2m2025-12-28T23:28:22.237817Z[0m [32m INFO[0m [2mmdminecraft::input[0m[2m:[0m Keys pressed [3mkeys[0m[2m=[0m{ControlLeft, KeyW} [3mcontext[0m[2m=[0mGameplay
[2m2025-12-28T23:28:22.237921Z[0m [32m INFO[0m [2mmdminecraft::input[0m[2m:[0m Movement input detected [3mmove_x[0m[2m=[0m0.0 [3mmove_y[0m[2m=[0m1.0 [3mmove_z[0m[2m=[0m0.0
[2m2025-12-28T23:28:24.443086Z[0m [32m INFO[0m [2mmdminecraft_world::mob[0m[2m:[0m Spawned mobs in chunk [3mchunk_x[0m[2m=[0m-3 [3mchunk_z[0m[2m=[0m1 [3mbiome[0m[2m=[0mPlains [3mmob_count[0m[2m=[0m4
[2m2025-12-28T23:28:24.443162Z[0m [32m INFO[0m [2mmdminecraft::game[0m[2m:[0m Adding mobs to world [3mchunk_x[0m[2m=[0m-3 [3mchunk_z[0m[2m=[0m1 [3mnew_mob_count[0m[2m=[0m4 [3mtotal_mobs[0m[2m=[0m59
[2m2025-12-28T23:28:24.443546Z[0m [32m INFO[0m [2mmdminecraft::input[0m[2m:[0m Keys pressed [3mkeys[0m[2m=[0m{ControlLeft, KeyW} [3mcontext[0m[2m=[0mGameplay
[2m2025-12-28T23:28:24.443570Z[0m [32m INFO[0m [2mmdminecraft::input[0m[2m:[0m Movement input detected [3mmove_x[0m[2m=[0m0.0 [3mmove_y[0m[2m=[0m1.0 [3mmove_z[0m[2m=[0m0.0
[2m2025-12-28T23:28:26.599638Z[0m [32m INFO[0m [2mmdminecraft::input[0m[2m:[0m Keys pressed [3mkeys[0m[2m=[0m{ControlLeft, KeyW} [3mcontext[0m[2m=[0mGameplay
[2m2025-12-28T23:28:26.599709Z[0m [32m INFO[0m [2mmdminecraft::input[0m[2m:[0m Movement input detected [3mmove_x[0m[2m=[0m0.0 [3mmove_y[0m[2m=[0m1.0 [3mmove_z[0m[2m=[0m0.0
[2m2025-12-28T23:28:29.144432Z[0m [32m INFO[0m [2mmdminecraft::input[0m[2m:[0m Keys pressed [3mkeys[0m[2m=[0m{Space} [3mcontext[0m[2m=[0mGameplay
[2m2025-12-28T23:28:29.144490Z[0m [32m INFO[0m [2mmdminecraft::input[0m[2m:[0m Movement input detected [3mmove_x[0m[2m=[0m0.0 [3mmove_y[0m[2m=[0m0.0 [3mmove_z[0m[2m=[0m1.0
[2m2025-12-28T23:28:38.287737Z[0m [32m INFO[0m [2mmdminecraft_world::mob[0m[2m:[0m Spawned mobs in chunk [3mchunk_x[0m[2m=[0m3 [3mchunk_z[0m[2m=[0m1 [3mbiome[0m[2m=[0mPlains [3mmob_count[0m[2m=[0m3
[2m2025-12-28T23:28:38.287807Z[0m [32m INFO[0m [2mmdminecraft::game[0m[2m:[0m Adding mobs to world [3mchunk_x[0m[2m=[0m3 [3mchunk_z[0m[2m=[0m1 [3mnew_mob_count[0m[2m=[0m3 [3mtotal_mobs[0m[2m=[0m62
[2m2025-12-28T23:28:40.758079Z[0m [32m INFO[0m [1msave_chunk_in_dimension[0m[1m{[0m[3mdimension[0m[2m=[0moverworld [3mchunk_pos[0m[2m=[0mChunkPos { x: -1, z: 2 }[1m}[0m[2m:[0m[1mwrite_region[0m[1m{[0m[3mdimension[0m[2m=[0mOverworld [3mchunk_count[0m[2m=[0m1[1m}[0m[2m:[0m [2mmdminecraft_world::persist[0m[2m:[0m Region file written successfully [3mpath[0m[2m=[0m/tmp/mdminecraft_headless/run_4a16f31c475f0d5f/r.-1.0.rg
[2m2025-12-28T23:28:40.793326Z[0m [32m INFO[0m [1msave_chunk_in_dimension[0m[1m{[0m[3mdimension[0m[2m=[0moverworld [3mchunk_pos[0m[2m=[0mChunkPos { x: 2, z: -1 }[1m}[0m[2m:[0m[1mwrite_region[0m[1m{[0m[3mdimension[0m[2m=[0mOverworld [3mchunk_count[0m[2m=[0m1[1m}[0m[2m:[0m [2mmdminecraft_world::persist[0m[2m:[0m Region file written successfully [3mpath[0m[2m=[0m/tmp/mdminecraft_headless/run_4a16f31c475f0d5f/r.0.-1.rg
[2m2025-12-28T23:28:40.823268Z[0m [32m INFO[0m [1msave_chunk_in_dimension[0m[1m{[0m[3mdimension[0m[2m=[0moverworld [3mchunk_pos[0m[2m=[0mChunkPos { x: -3, z: 1 }[1m}[0m[2m:[0m[1mload_region[0m[1m{[0m[3mdimension[0m[2m=[0mOverworld[1m}[0m[2m:[0m [2mmdminecraft_world::persist[0m[2m:[0m Region file loaded successfully [3mchunk_count[0m[2m=[0m1
[2m2025-12-28T23:28:40.883325Z[0m [32m INFO[0m [1msave_chunk_in_dimension[0m[1m{[0m[3mdimension[0m[2m=[0moverworld [3mchunk_pos[0m[2m=[0mChunkPos { x: -3, z: 1 }[1m}[0m[2m:[0m[1mwrite_region[0m[1m{[0m[3mdimension[0m[2m=[0mOverworld [3mchunk_count[0m[2m=[0m2[1m}[0m[2m:[0m [2mmdminecraft_world::persist[0m[2m:[0m Region file written successfully [3mpath[0m[2m=[0m/tmp/mdminecraft_headless/run_4a16f31c475f0d5f/r.-1.0.rg
[2m2025-12-28T23:28:40.921912Z[0m [32m INFO[0m [1msave_chunk_in_dimension[0m[1m{[0m[3mdimension[0m[2m=[0moverworld [3mchunk_pos[0m[2m=[0mChunkPos { x: -2, z: -2 }[1m}[0m[2m:[0m[1mwrite_region[0m[1m{[0m[3mdimension[0m[2m=[0mOverworld [3mchunk_count[0m[2m=[0m1[1m}[0m[2m:[0m [2mmdminecraft_world::persist[0m[2m:[0m Region file written successfully [3mpath[0m[2m=[0m/tmp/mdminecraft_headless/run_4a16f31c475f0d5f/r.-1.-1.rg
[2m2025-12-28T23:28:40.958833Z[0m [32m INFO[0m [1msave_chunk_in_dimension[0m[1m{[0m[3mdimension[0m[2m=[0moverworld [3mchunk_pos[0m[2m=[0mChunkPos { x: 1, z: 2 }[1m}[0m[2m:[0m[1mwrite_region[0m[1m{[0m[3mdimension[0m[2m=[0mOverworld [3mchunk_count[0m[2m=[0m1[1m}[0m[2m:[0m [2mmdminecraft_world::persist[0m[2m:[0m Region file written successfully [3mpath[0m[2m=[0m/tmp/mdminecraft_headless/run_4a16f31c475f0d5f/r.0.0.rg
[2m2025-12-28T23:28:40.993226Z[0m [32m INFO[0m [1msave_chunk_in_dimension[0m[1m{[0m[3mdimension[0m[2m=[0moverworld [3mchunk_pos[0m[2m=[0mChunkPos { x: 3, z: 1 }[1m}[0m[2m:[0m[1mload_region[0m[1m{[0m[3mdimension[0m[2m=[0mOverworld[1m}[0m[2m:[0m [2mmdminecraft_world::persist[0m[2m:[0m Region file loaded successfully [3mchunk_count[0m[2m=[0m1
[2m2025-12-28T23:28:41.049218Z[0m [32m INFO[0m [1msave_chunk_in_dimension[0m[1m{[0m[3mdimension[0m[2m=[0moverworld [3mchunk_pos[0m[2m=[0mChunkPos { x: 3, z: 1 }[1m}[0m[2m:[0m[1mwrite_region[0m[1m{[0m[3mdimension[0m[2m=[0mOverworld [3mchunk_count[0m[2m=[0m2[1m}[0m[2m:[0m [2mmdminecraft_world::persist[0m[2m:[0m Region file written successfully [3mpath[0m[2m=[0m/tmp/mdminecraft_headless/run_4a16f31c475f0d5f/r.0.0.rg
[2m2025-12-28T23:28:41.079119Z[0m [32m INFO[0m [1msave_chunk_in_dimension[0m[1m{[0m[3mdimension[0m[2m=[0moverworld [3mchunk_pos[0m[2m=[0mChunkPos { x: -1, z: -2 }[1m}[0m[2m:[0m[1mload_region[0m[1m{[0m[3mdimension[0m[2m=[0mOverworld[1m}[0m[2m:[0m [2mmdminecraft_world::persist[0m[2m:[0m Region file loaded successfully [3mchunk_count[0m[2m=[0m1
[2m2025-12-28T23:28:41.136468Z[0m [32m INFO[0m [1msave_chunk_in_dimension[0m[1m{[0m[3mdimension[0m[2m=[0moverworld [3mchunk_pos[0m[2m=[0mChunkPos { x: -1, z: -2 }[1m}[0m[2m:[0m[1mwrite_region[0m[1m{[0m[3mdimension[0m[2m=[0mOverworld [3mchunk_count[0m[2m=[0m2[1m}[0m[2m:[0m [2mmdminecraft_world::persist[0m[2m:[0m Region file written successfully [3mpath[0m[2m=[0m/tmp/mdminecraft_headless/run_4a16f31c475f0d5f/r.-1.-1.rg
[2m2025-12-28T23:28:41.197051Z[0m [32m INFO[0m [1msave_chunk_in_dimension[0m[1m{[0m[3mdimension[0m[2m=[0moverworld [3mchunk_pos[0m[2m=[0mChunkPos { x: 2, z: 0 }[1m}[0m[2m:[0m[1mload_region[0m[1m{[0m[3mdimension[0m[2m=[0mOverworld[1m}[0m[2m:[0m [2mmdminecraft_world::persist[0m[2m:[0m Region file loaded successfully [3mchunk_count[0m[2m=[0m2
[2m2025-12-28T23:28:41.277769Z[0m [32m INFO[0m [1msave_chunk_in_dimension[0m[1m{[0m[3mdimension[0m[2m=[0moverworld [3mchunk_pos[0m[2m=[0mChunkPos { x: 2, z: 0 }[1m}[0m[2m:[0m[1mwrite_region[0m[1m{[0m[3mdimension[0m[2m=[0mOverworld [3mchunk_count[0m[2m=[0m3[1m}[0m[2m:[0m [2mmdminecraft_world::persist[0m[2m:[0m Region file written successfully [3mpath[0m[2m=[0m/tmp/mdminecraft_headless/run_4a16f31c475f0d5f/r.0.0.rg
[2m2025-12-28T23:28:41.341746Z[0m [32m INFO[0m [1msave_chunk_in_dimension[0m[1m{[0m[3mdimension[0m[2m=[0moverworld [3mchunk_pos[0m[2m=[0mChunkPos { x: -2, z: 0 }[1m}[0m[2m:[0m[1mload_region[0m[1m{[0m[3mdimension[0m[2m=[0mOverworld[1m}[0m[2m:[0m [2mmdminecraft_world::persist[0m[2m:[0m Region file loaded successfully [3mchunk_count[0m[2m=[0m2
[2m2025-12-28T23:28:41.419141Z[0m [32m INFO[0m [1msave_chunk_in_dimension[0m[1m{[0m[3mdimension[0m[2m=[0moverworld [3mchunk_pos[0m[2m=[0mChunkPos { x: -2, z: 0 }[1m}[0m[2m:[0m[1mwrite_region[0m[1m{[0m[3mdimension[0m[2m=[0mOverworld [3mchunk_count[0m[2m=[0m3[1m}[0m[2m:[0m [2mmdminecraft_world::persist[0m[2m:[0m Region file written successfully [3mpath[0m[2m=[0m/tmp/mdminecraft_headless/run_4a16f31c475f0d5f/r.-1.0.rg
[2m2025-12-28T23:28:41.508092Z[0m [32m INFO[0m [1msave_chunk_in_dimension[0m[1m{[0m[3mdimension[0m[2m=[0moverworld [3mchunk_pos[0m[2m=[0mChunkPos { x: 2, z: 2 }[1m}[0m[2m:[0m[1mload_region[0m[1m{[0m[3mdimension[0m[2m=[0mOverworld[1m}[0m[2m:[0m [2mmdminecraft_world::persist[0m[2m:[0m Region file loaded successfully [3mchunk_count[0m[2m=[0m3
[2m2025-12-28T23:28:41.609618Z[0m [32m INFO[0m [1msave_chunk_in_dimension[0m[1m{[0m[3mdimension[0m[2m=[0moverworld [3mchunk_pos[0m[2m=[0mChunkPos { x: 2, z: 2 }[1m}[0m[2m:[0m[1mwrite_region[0m[1m{[0m[3mdimension[0m[2m=[0mOverworld [3mchunk_count[0m[2m=[0m4[1m}[0m[2m:[0m [2mmdminecraft_world::persist[0m[2m:[0m Region file written successfully [3mpath[0m[2m=[0m/tmp/mdminecraft_headless/run_4a16f31c475f0d5f/r.0.0.rg
[2m2025-12-28T23:28:41.697131Z[0m [32m INFO[0m [1msave_chunk_in_dimension[0m[1m{[0m[3mdimension[0m[2m=[0moverworld [3mchunk_pos[0m[2m=[0mChunkPos { x: -1, z: 1 }[1m}[0m[2m:[0m[1mload_region[0m[1m{[0m[3mdimension[0m[2m=[0mOverworld[1m}[0m[2m:[0m [2mmdminecraft_world::persist[0m[2m:[0m Region file loaded successfully [3mchunk_count[0m[2m=[0m3
[2m2025-12-28T23:28:41.802220Z[0m [32m INFO[0m [1msave_chunk_in_dimension[0m[1m{[0m[3mdimension[0m[2m=[0moverworld [3mchunk_pos[0m[2m=[0mChunkPos { x: -1, z: 1 }[1m}[0m[2m:[0m[1mwrite_region[0m[1m{[0m[3mdimension[0m[2m=[0mOverworld [3mchunk_count[0m[2m=[0m4[1m}[0m[2m:[0m [2mmdminecraft_world::persist[0m[2m:[0m Region file written successfully [3mpath[0m[2m=[0m/tmp/mdminecraft_headless/run_4a16f31c475f0d5f/r.-1.0.rg
[2m2025-12-28T23:28:41.927364Z[0m [32m INFO[0m [1msave_chunk_in_dimension[0m[1m{[0m[3mdimension[0m[2m=[0moverworld [3mchunk_pos[0m[2m=[0mChunkPos { x: 0, z: 2 }[1m}[0m[2m:[0m[1mload_region[0m[1m{[0m[3mdimension[0m[2m=[0mOverworld[1m}[0m[2m:[0m [2mmdminecraft_world::persist[0m[2m:[0m Region file loaded successfully [3mchunk_count[0m[2m=[0m4
[2m2025-12-28T23:28:42.051350Z[0m [32m INFO[0m [1msave_chunk_in_dimension[0m[1m{[0m[3mdimension[0m[2m=[0moverworld [3mchunk_pos[0m[2m=[0mChunkPos { x: 0, z: 2 }[1m}[0m[2m:[0m[1mwrite_region[0m[1m{[0m[3mdimension[0m[2m=[0mOverworld [3mchunk_count[0m[2m=[0m5[1m}[0m[2m:[0m [2mmdminecraft_world::persist[0m[2m:[0m Region file written successfully [3mpath[0m[2m=[0m/tmp/mdminecraft_headless/run_4a16f31c475f0d5f/r.0.0.rg
[2m2025-12-28T23:28:42.180027Z[0m [32m INFO[0m [1msave_chunk_in_dimension[0m[1m{[0m[3mdimension[0m[2m=[0moverworld [3mchunk_pos[0m[2m=[0mChunkPos { x: -2, z: 2 }[1m}[0m[2m:[0m[1mload_region[0m[1m{[0m[3mdimension[0m[2m=[0mOverworld[1m}[0m[2m:[0m [2mmdminecraft_world::persist[0m[2m:[0m Region file loaded successfully [3mchunk_count[0m[2m=[0m4
[2m2025-12-28T23:28:42.301063Z[0m [32m INFO[0m [1msave_chunk_in_dimension[0m[1m{[0m[3mdimension[0m[2m=[0moverworld [3mchunk_pos[0m[2m=[0mChunkPos { x: -2, z: 2 }[1m}[0m[2m:[0m[1mwrite_region[0m[1m{[0m[3mdimension[0m[2m=[0mOverworld [3mchunk_count[0m[2m=[0m5[1m}[0m[2m:[0m [2mmdminecraft_world::persist[0m[2m:[0m Region file written successfully [3mpath[0m[2m=[0m/tmp/mdminecraft_headless/run_4a16f31c475f0d5f/r.-1.0.rg
[2m2025-12-28T23:28:42.369844Z[0m [32m INFO[0m [1msave_chunk_in_dimension[0m[1m{[0m[3mdimension[0m[2m=[0moverworld [3mchunk_pos[0m[2m=[0mChunkPos { x: -2, z: -1 }[1m}[0m[2m:[0m[1mload_region[0m[1m{[0m[3mdimension[0m[2m=[0mOverworld[1m}[0m[2m:[0m [2mmdminecraft_world::persist[0m[2m:[0m Region file loaded successfully [3mchunk_count[0m[2m=[0m2
[2m2025-12-28T23:28:42.465100Z[0m [32m INFO[0m [1msave_chunk_in_dimension[0m[1m{[0m[3mdimension[0m[2m=[0moverworld [3mchunk_pos[0m[2m=[0mChunkPos { x: -2, z: -1 }[1m}[0m[2m:[0m[1mwrite_region[0m[1m{[0m[3mdimension[0m[2m=[0mOverworld [3mchunk_count[0m[2m=[0m3[1m}[0m[2m:[0m [2mmdminecraft_world::persist[0m[2m:[0m Region file written successfully [3mpath[0m[2m=[0m/tmp/mdminecraft_headless/run_4a16f31c475f0d5f/r.-1.-1.rg
[2m2025-12-28T23:28:42.618940Z[0m [32m INFO[0m [1msave_chunk_in_dimension[0m[1m{[0m[3mdimension[0m[2m=[0moverworld [3mchunk_pos[0m[2m=[0mChunkPos { x: 2, z: 1 }[1m}[0m[2m:[0m[1mload_region[0m[1m{[0m[3mdimension[0m[2m=[0mOverworld[1m}[0m[2m:[0m [2mmdminecraft_world::persist[0m[2m:[0m Region file loaded successfully [3mchunk_count[0m[2m=[0m5
[2m2025-12-28T23:28:42.772774Z[0m [32m INFO[0m [1msave_chunk_in_dimension[0m[1m{[0m[3mdimension[0m[2m=[0moverworld [3mchunk_pos[0m[2m=[0mChunkPos { x: 2, z: 1 }[1m}[0m[2m:[0m[1mwrite_region[0m[1m{[0m[3mdimension[0m[2m=[0mOverworld [3mchunk_count[0m[2m=[0m6[1m}[0m[2m:[0m [2mmdminecraft_world::persist[0m[2m:[0m Region file written successfully [3mpath[0m[2m=[0m/tmp/mdminecraft_headless/run_4a16f31c475f0d5f/r.0.0.rg
[2m2025-12-28T23:28:42.805085Z[0m [32m INFO[0m [1msave_chunk_in_dimension[0m[1m{[0m[3mdimension[0m[2m=[0moverworld [3mchunk_pos[0m[2m=[0mChunkPos { x: 0, z: -2 }[1m}[0m[2m:[0m[1mload_region[0m[1m{[0m[3mdimension[0m[2m=[0mOverworld[1m}[0m[2m:[0m [2mmdminecraft_world::persist[0m[2m:[0m Region file loaded successfully [3mchunk_count[0m[2m=[0m1
[2m2025-12-28T23:28:42.862496Z[0m [32m INFO[0m [1msave_chunk_in_dimension[0m[1m{[0m[3mdimension[0m[2m=[0moverworld [3mchunk_pos[0m[2m=[0mChunkPos { x: 0, z: -2 }[1m}[0m[2m:[0m[1mwrite_region[0m[1m{[0m[3mdimension[0m[2m=[0mOverworld [3mchunk_count[0m[2m=[0m2[1m}[0m[2m:[0m [2mmdminecraft_world::persist[0m[2m:[0m Region file written successfully [3mpath[0m[2m=[0m/tmp/mdminecraft_headless/run_4a16f31c475f0d5f/r.0.-1.rg
[2m2025-12-28T23:28:42.936974Z[0m [32m INFO[0m [1msave_chunk_in_dimension[0m[1m{[0m[3mdimension[0m[2m=[0moverworld [3mchunk_pos[0m[2m=[0mChunkPos { x: 0, z: -3 }[1m}[0m[2m:[0m[1mload_region[0m[1m{[0m[3mdimension[0m[2m=[0mOverworld[1m}[0m[2m:[0m [2mmdminecraft_world::persist[0m[2m:[0m Region file loaded successfully [3mchunk_count[0m[2m=[0m2
[2m2025-12-28T23:28:43.024018Z[0m [32m INFO[0m [1msave_chunk_in_dimension[0m[1m{[0m[3mdimension[0m[2m=[0moverworld [3mchunk_pos[0m[2m=[0mChunkPos { x: 0, z: -3 }[1m}[0m[2m:[0m[1mwrite_region[0m[1m{[0m[3mdimension[0m[2m=[0mOverworld [3mchunk_count[0m[2m=[0m3[1m}[0m[2m:[0m [2mmdminecraft_world::persist[0m[2m:[0m Region file written successfully [3mpath[0m[2m=[0m/tmp/mdminecraft_headless/run_4a16f31c475f0d5f/r.0.-1.rg
[2m2025-12-28T23:28:43.125166Z[0m [32m INFO[0m [1msave_chunk_in_dimension[0m[1m{[0m[3mdimension[0m[2m=[0moverworld [3mchunk_pos[0m[2m=[0mChunkPos { x: 1, z: -1 }[1m}[0m[2m:[0m[1mload_region[0m[1m{[0m[3mdimension[0m[2m=[0mOverworld[1m}[0m[2m:[0m [2mmdminecraft_world::persist[0m[2m:[0m Region file loaded successfully [3mchunk_count[0m[2m=[0m3
[2m2025-12-28T23:28:43.230340Z[0m [32m INFO[0m [1msave_chunk_in_dimension[0m[1m{[0m[3mdimension[0m[2m=[0moverworld [3mchunk_pos[0m[2m=[0mChunkPos { x: 1, z: -1 }[1m}[0m[2m:[0m[1mwrite_region[0m[1m{[0m[3mdimension[0m[2m=[0mOverworld [3mchunk_count[0m[2m=[0m4[1m}[0m[2m:[0m [2mmdminecraft_world::persist[0m[2m:[0m Region file written successfully [3mpath[0m[2m=[0m/tmp/mdminecraft_headless/run_4a16f31c475f0d5f/r.0.-1.rg
[2m2025-12-28T23:28:43.315927Z[0m [32m INFO[0m [1msave_chunk_in_dimension[0m[1m{[0m[3mdimension[0m[2m=[0moverworld [3mchunk_pos[0m[2m=[0mChunkPos { x: -3, z: -2 }[1m}[0m[2m:[0m[1mload_region[0m[1m{[0m[3mdimension[0m[2m=[0mOverworld[1m}[0m[2m:[0m [2mmdminecraft_world::persist[0m[2m:[0m Region file loaded successfully [3mchunk_count[0m[2m=[0m3
[2m2025-12-28T23:28:43.416980Z[0m [32m INFO[0m [1msave_chunk_in_dimension[0m[1m{[0m[3mdimension[0m[2m=[0moverworld [3mchunk_pos[0m[2m=[0mChunkPos { x: -3, z: -2 }[1m}[0m[2m:[0m[1mwrite_region[0m[1m{[0m[3mdimension[0m[2m=[0mOverworld [3mchunk_count[0m[2m=[0m4[1m}[0m[2m:[0m [2mmdminecraft_world::persist[0m[2m:[0m Region file written successfully [3mpath[0m[2m=[0m/tmp/mdminecraft_headless/run_4a16f31c475f0d5f/r.-1.-1.rg
[2m2025-12-28T23:28:43.572080Z[0m [32m INFO[0m [1msave_chunk_in_dimension[0m[1m{[0m[3mdimension[0m[2m=[0moverworld [3mchunk_pos[0m[2m=[0mChunkPos { x: -1, z: 3 }[1m}[0m[2m:[0m[1mload_region[0m[1m{[0m[3mdimension[0m[2m=[0mOverworld[1m}[0m[2m:[0m [2mmdminecraft_world::persist[0m[2m:[0m Region file loaded successfully [3mchunk_count[0m[2m=[0m5
[2m2025-12-28T23:28:43.716102Z[0m [32m INFO[0m [1msave_chunk_in_dimension[0m[1m{[0m[3mdimension[0m[2m=[0moverworld [3mchunk_pos[0m[2m=[0mChunkPos { x: -1, z: 3 }[1m}[0m[2m:[0m[1mwrite_region[0m[1m{[0m[3mdimension[0m[2m=[0mOverworld [3mchunk_count[0m[2m=[0m6[1m}[0m[2m:[0m [2mmdminecraft_world::persist[0m[2m:[0m Region file written successfully [3mpath[0m[2m=[0m/tmp/mdminecraft_headless/run_4a16f31c475f0d5f/r.-1.0.rg
[2m2025-12-28T23:28:43.843833Z[0m [32m INFO[0m [1msave_chunk_in_dimension[0m[1m{[0m[3mdimension[0m[2m=[0moverworld [3mchunk_pos[0m[2m=[0mChunkPos { x: 2, z: -2 }[1m}[0m[2m:[0m[1mload_region[0m[1m{[0m[3mdimension[0m[2m=[0mOverworld[1m}[0m[2m:[0m [2mmdminecraft_world::persist[0m[2m:[0m Region file loaded successfully [3mchunk_count[0m[2m=[0m4
[2m2025-12-28T23:28:43.967674Z[0m [32m INFO[0m [1msave_chunk_in_dimension[0m[1m{[0m[3mdimension[0m[2m=[0moverworld [3mchunk_pos[0m[2m=[0mChunkPos { x: 2, z: -2 }[1m}[0m[2m:[0m[1mwrite_region[0m[1m{[0m[3mdimension[0m[2m=[0mOverworld [3mchunk_count[0m[2m=[0m5[1m}[0m[2m:[0m [2mmdminecraft_world::persist[0m[2m:[0m Region file written successfully [3mpath[0m[2m=[0m/tmp/mdminecraft_headless/run_4a16f31c475f0d5f/r.0.-1.rg
[2m2025-12-28T23:28:44.117093Z[0m [32m INFO[0m [1msave_chunk_in_dimension[0m[1m{[0m[3mdimension[0m[2m=[0moverworld [3mchunk_pos[0m[2m=[0mChunkPos { x: 1, z: -3 }[1m}[0m[2m:[0m[1mload_region[0m[1m{[0m[3mdimension[0m[2m=[0mOverworld[1m}[0m[2m:[0m [2mmdminecraft_world::persist[0m[2m:[0m Region file loaded successfully [3mchunk_count[0m[2m=[0m5
[2m2025-12-28T23:28:44.266716Z[0m [32m INFO[0m [1msave_chunk_in_dimension[0m[1m{[0m[3mdimension[0m[2m=[0moverworld [3mchunk_pos[0m[2m=[0mChunkPos { x: 1, z: -3 }[1m}[0m[2m:[0m[1mwrite_region[0m[1m{[0m[3mdimension[0m[2m=[0mOverworld [3mchunk_count[0m[2m=[0m6[1m}[0m[2m:[0m [2mmdminecraft_world::persist[0m[2m:[0m Region file written successfully [3mpath[0m[2m=[0m/tmp/mdminecraft_headless/run_4a16f31c475f0d5f/r.0.-1.rg
[2m2025-12-28T23:28:44.452611Z[0m [32m INFO[0m [1msave_chunk_in_dimension[0m[1m{[0m[3mdimension[0m[2m=[0moverworld [3mchunk_pos[0m[2m=[0mChunkPos { x: 0, z: 0 }[1m}[0m[2m:[0m[1mload_region[0m[1m{[0m[3mdimension[0m[2m=[0mOverworld[1m}[0m[2m:[0m [2mmdminecraft_world::persist[0m[2m:[0m Region file loaded successfully [3mchunk_count[0m[2m=[0m6
[2m2025-12-28T23:28:44.627269Z[0m [32m INFO[0m [1msave_chunk_in_dimension[0m[1m{[0m[3mdimension[0m[2m=[0moverworld [3mchunk_pos[0m[2m=[0mChunkPos { x: 0, z: 0 }[1m}[0m[2m:[0m[1mwrite_region[0m[1m{[0m[3mdimension[0m[2m=[0mOverworld [3mchunk_count[0m[2m=[0m7[1m}[0m[2m:[0m [2mmdminecraft_world::persist[0m[2m:[0m Region file written successfully [3mpath[0m[2m=[0m/tmp/mdminecraft_headless/run_4a16f31c475f0d5f/r.0.0.rg
[2m2025-12-28T23:28:44.811501Z[0m [32m INFO[0m [1msave_chunk_in_dimension[0m[1m{[0m[3mdimension[0m[2m=[0moverworld [3mchunk_pos[0m[2m=[0mChunkPos { x: 1, z: -2 }[1m}[0m[2m:[0m[1mload_region[0m[1m{[0m[3mdimension[0m[2m=[0mOverworld[1m}[0m[2m:[0m [2mmdminecraft_world::persist[0m[2m:[0m Region file loaded successfully [3mchunk_count[0m[2m=[0m6
[2m2025-12-28T23:28:44.983107Z[0m [32m INFO[0m [1msave_chunk_in_dimension[0m[1m{[0m[3mdimension[0m[2m=[0moverworld [3mchunk_pos[0m[2m=[0mChunkPos { x: 1, z: -2 }[1m}[0m[2m:[0m[1mwrite_region[0m[1m{[0m[3mdimension[0m[2m=[0mOverworld [3mchunk_count[0m[2m=[0m7[1m}[0m[2m:[0m [2mmdminecraft_world::persist[0m[2m:[0m Region file written successfully [3mpath[0m[2m=[0m/tmp/mdminecraft_headless/run_4a16f31c475f0d5f/r.0.-1.rg
[2m2025-12-28T23:28:45.215226Z[0m [32m INFO[0m [1msave_chunk_in_dimension[0m[1m{[0m[3mdimension[0m[2m=[0moverworld [3mchunk_pos[0m[2m=[0mChunkPos { x: 0, z: -1 }[1m}[0m[2m:[0m[1mload_region[0m[1m{[0m[3mdimension[0m[2m=[0mOverworld[1m}[0m[2m:[0m [2mmdminecraft_world::persist[0m[2m:[0m Region file loaded successfully [3mchunk_count[0m[2m=[0m7
[2m2025-12-28T23:28:45.411724Z[0m [32m INFO[0m [1msave_chunk_in_dimension[0m[1m{[0m[3mdimension[0m[2m=[0moverworld [3mchunk_pos[0m[2m=[0mChunkPos { x: 0, z: -1 }[1m}[0m[2m:[0m[1mwrite_region[0m[1m{[0m[3mdimension[0m[2m=[0mOverworld [3mchunk_count[0m[2m=[0m8[1m}[0m[2m:[0m [2mmdminecraft_world::persist[0m[2m:[0m Region file written successfully [3mpath[0m[2m=[0m/tmp/mdminecraft_headless/run_4a16f31c475f0d5f/r.0.-1.rg
[2m2025-12-28T23:28:45.617470Z[0m [32m INFO[0m [1msave_chunk_in_dimension[0m[1m{[0m[3mdimension[0m[2m=[0moverworld [3mchunk_pos[0m[2m=[0mChunkPos { x: 3, z: 0 }[1m}[0m[2m:[0m[1mload_region[0m[1m{[0m[3mdimension[0m[2m=[0mOverworld[1m}[0m[2m:[0m [2mmdminecraft_world::persist[0m[2m:[0m Region file loaded successfully [3mchunk_count[0m[2m=[0m7
[2m2025-12-28T23:28:45.811414Z[0m [32m INFO[0m [1msave_chunk_in_dimension[0m[1m{[0m[3mdimension[0m[2m=[0moverworld [3mchunk_pos[0m[2m=[0mChunkPos { x: 3, z: 0 }[1m}[0m[2m:[0m[1mwrite_region[0m[1m{[0m[3mdimension[0m[2m=[0mOverworld [3mchunk_count[0m[2m=[0m8[1m}[0m[2m:[0m [2mmdminecraft_world::persist[0m[2m:[0m Region file written successfully [3mpath[0m[2m=[0m/tmp/mdminecraft_headless/run_4a16f31c475f0d5f/r.0.0.rg
[2m2025-12-28T23:28:45.992469Z[0m [32m INFO[0m [1msave_chunk_in_dimension[0m[1m{[0m[3mdimension[0m[2m=[0moverworld [3mchunk_pos[0m[2m=[0mChunkPos { x: -2, z: 1 }[1m}[0m[2m:[0m[1mload_region[0m[1m{[0m[3mdimension[0m[2m=[0mOverworld[1m}[0m[2m:[0m [2mmdminecraft_world::persist[0m[2m:[0m Region file loaded successfully [3mchunk_count[0m[2m=[0m6
[2m2025-12-28T23:28:46.171442Z[0m [32m INFO[0m [1msave_chunk_in_dimension[0m[1m{[0m[3mdimension[0m[2m=[0moverworld [3mchunk_pos[0m[2m=[0mChunkPos { x: -2, z: 1 }[1m}[0m[2m:[0m[1mwrite_region[0m[1m{[0m[3mdimension[0m[2m=[0mOverworld [3mchunk_count[0m[2m=[0m7[1m}[0m[2m:[0m [2mmdminecraft_world::persist[0m[2m:[0m Region file written successfully [3mpath[0m[2m=[0m/tmp/mdminecraft_headless/run_4a16f31c475f0d5f/r.-1.0.rg
[2m2025-12-28T23:28:46.296334Z[0m [32m INFO[0m [1msave_chunk_in_dimension[0m[1m{[0m[3mdimension[0m[2m=[0moverworld [3mchunk_pos[0m[2m=[0mChunkPos { x: -1, z: -3 }[1m}[0m[2m:[0m[1mload_region[0m[1m{[0m[3mdimension[0m[2m=[0mOverworld[1m}[0m[2m:[0m [2mmdminecraft_world::persist[0m[2m:[0m Region file loaded successfully [3mchunk_count[0m[2m=[0m4
[2m2025-12-28T23:28:46.422938Z[0m [32m INFO[0m [1msave_chunk_in_dimension[0m[1m{[0m[3mdimension[0m[2m=[0moverworld [3mchunk_pos[0m[2m=[0mChunkPos { x: -1, z: -3 }[1m}[0m[2m:[0m[1mwrite_region[0m[1m{[0m[3mdimension[0m[2m=[0mOverworld [3mchunk_count[0m[2m=[0m5[1m}[0m[2m:[0m [2mmdminecraft_world::persist[0m[2m:[0m Region file written successfully [3mpath[0m[2m=[0m/tmp/mdminecraft_headless/run_4a16f31c475f0d5f/r.-1.-1.rg
[2m2025-12-28T23:28:46.664703Z[0m [32m INFO[0m [1msave_chunk_in_dimension[0m[1m{[0m[3mdimension[0m[2m=[0moverworld [3mchunk_pos[0m[2m=[0mChunkPos { x: 1, z: 0 }[1m}[0m[2m:[0m[1mload_region[0m[1m{[0m[3mdimension[0m[2m=[0mOverworld[1m}[0m[2m:[0m [2mmdminecraft_world::persist[0m[2m:[0m Region file loaded successfully [3mchunk_count[0m[2m=[0m8
[2m2025-12-28T23:28:46.885417Z[0m [32m INFO[0m [1msave_chunk_in_dimension[0m[1m{[0m[3mdimension[0m[2m=[0moverworld [3mchunk_pos[0m[2m=[0mChunkPos { x: 1, z: 0 }[1m}[0m[2m:[0m[1mwrite_region[0m[1m{[0m[3mdimension[0m[2m=[0mOverworld [3mchunk_count[0m[2m=[0m9[1m}[0m[2m:[0m [2mmdminecraft_world::persist[0m[2m:[0m Region file written successfully [3mpath[0m[2m=[0m/tmp/mdminecraft_headless/run_4a16f31c475f0d5f/r.0.0.rg
[2m2025-12-28T23:28:47.042329Z[0m [32m INFO[0m [1msave_chunk_in_dimension[0m[1m{[0m[3mdimension[0m[2m=[0moverworld [3mchunk_pos[0m[2m=[0mChunkPos { x: -1, z: -1 }[1m}[0m[2m:[0m[1mload_region[0m[1m{[0m[3mdimension[0m[2m=[0mOverworld[1m}[0m[2m:[0m [2mmdminecraft_world::persist[0m[2m:[0m Region file loaded successfully [3mchunk_count[0m[2m=[0m5
[2m2025-12-28T23:28:47.194431Z[0m [32m INFO[0m [1msave_chunk_in_dimension[0m[1m{[0m[3mdimension[0m[2m=[0moverworld [3mchunk_pos[0m[2m=[0mChunkPos { x: -1, z: -1 }[1m}[0m[2m:[0m[1mwrite_region[0m[1m{[0m[3mdimension[0m[2m=[0mOverworld [3mchunk_count[0m[2m=[0m6[1m}[0m[2m:[0m [2mmdminecraft_world::persist[0m[2m:[0m Region file written successfully [3mpath[0m[2m=[0m/tmp/mdminecraft_headless/run_4a16f31c475f0d5f/r.-1.-1.rg
[2m2025-12-28T23:28:47.371604Z[0m [32m INFO[0m [1msave_chunk_in_dimension[0m[1m{[0m[3mdimension[0m[2m=[0moverworld [3mchunk_pos[0m[2m=[0mChunkPos { x: -3, z: -1 }[1m}[0m[2m:[0m[1mload_region[0m[1m{[0m[3mdimension[0m[2m=[0mOverworld[1m}[0m[2m:[0m [2mmdminecraft_world::persist[0m[2m:[0m Region file loaded successfully [3mchunk_count[0m[2m=[0m6
[2m2025-12-28T23:28:47.543105Z[0m [32m INFO[0m [1msave_chunk_in_dimension[0m[1m{[0m[3mdimension[0m[2m=[0moverworld [3mchunk_pos[0m[2m=[0mChunkPos { x: -3, z: -1 }[1m}[0m[2m:[0m[1mwrite_region[0m[1m{[0m[3mdimension[0m[2m=[0mOverworld [3mchunk_count[0m[2m=[0m7[1m}[0m[2m:[0m [2mmdminecraft_world::persist[0m[2m:[0m Region file written successfully [3mpath[0m[2m=[0m/tmp/mdminecraft_headless/run_4a16f31c475f0d5f/r.-1.-1.rg
[2m2025-12-28T23:28:47.763473Z[0m [32m INFO[0m [1msave_chunk_in_dimension[0m[1m{[0m[3mdimension[0m[2m=[0moverworld [3mchunk_pos[0m[2m=[0mChunkPos { x: -1, z: 0 }[1m}[0m[2m:[0m[1mload_region[0m[1m{[0m[3mdimension[0m[2m=[0mOverworld[1m}[0m[2m:[0m [2mmdminecraft_world::persist[0m[2m:[0m Region file loaded successfully [3mchunk_count[0m[2m=[0m7
[2m2025-12-28T23:28:47.955921Z[0m [32m INFO[0m [1msave_chunk_in_dimension[0m[1m{[0m[3mdimension[0m[2m=[0moverworld [3mchunk_pos[0m[2m=[0mChunkPos { x: -1, z: 0 }[1m}[0m[2m:[0m[1mwrite_region[0m[1m{[0m[3mdimension[0m[2m=[0mOverworld [3mchunk_count[0m[2m=[0m8[1m}[0m[2m:[0m [2mmdminecraft_world::persist[0m[2m:[0m Region file written successfully [3mpath[0m[2m=[0m/tmp/mdminecraft_headless/run_4a16f31c475f0d5f/r.-1.0.rg
[2m2025-12-28T23:28:48.226681Z[0m [32m INFO[0m [1msave_chunk_in_dimension[0m[1m{[0m[3mdimension[0m[2m=[0moverworld [3mchunk_pos[0m[2m=[0mChunkPos { x: 0, z: 1 }[1m}[0m[2m:[0m[1mload_region[0m[1m{[0m[3mdimension[0m[2m=[0mOverworld[1m}[0m[2m:[0m [2mmdminecraft_world::persist[0m[2m:[0m Region file loaded successfully [3mchunk_count[0m[2m=[0m9
[2m2025-12-28T23:28:48.466255Z[0m [32m INFO[0m [1msave_chunk_in_dimension[0m[1m{[0m[3mdimension[0m[2m=[0moverworld [3mchunk_pos[0m[2m=[0mChunkPos { x: 0, z: 1 }[1m}[0m[2m:[0m[1mwrite_region[0m[1m{[0m[3mdimension[0m[2m=[0mOverworld [3mchunk_count[0m[2m=[0m10[1m}[0m[2m:[0m [2mmdminecraft_world::persist[0m[2m:[0m Region file written successfully [3mpath[0m[2m=[0m/tmp/mdminecraft_headless/run_4a16f31c475f0d5f/r.0.0.rg
[2m2025-12-28T23:28:48.768249Z[0m [32m INFO[0m [1msave_chunk_in_dimension[0m[1m{[0m[3mdimension[0m[2m=[0moverworld [3mchunk_pos[0m[2m=[0mChunkPos { x: 1, z: 3 }[1m}[0m[2m:[0m[1mload_region[0m[1m{[0m[3mdimension[0m[2m=[0mOverworld[1m}[0m[2m:[0m [2mmdminecraft_world::persist[0m[2m:[0m Region file loaded successfully [3mchunk_count[0m[2m=[0m10
[2m2025-12-28T23:28:49.032679Z[0m [32m INFO[0m [1msave_chunk_in_dimension[0m[1m{[0m[3mdimension[0m[2m=[0moverworld [3mchunk_pos[0m[2m=[0mChunkPos { x: 1, z: 3 }[1m}[0m[2m:[0m[1mwrite_region[0m[1m{[0m[3mdimension[0m[2m=[0mOverworld [3mchunk_count[0m[2m=[0m11[1m}[0m[2m:[0m [2mmdminecraft_world::persist[0m[2m:[0m Region file written successfully [3mpath[0m[2m=[0m/tmp/mdminecraft_headless/run_4a16f31c475f0d5f/r.0.0.rg
[2m2025-12-28T23:28:49.284491Z[0m [32m INFO[0m [1msave_chunk_in_dimension[0m[1m{[0m[3mdimension[0m[2m=[0moverworld [3mchunk_pos[0m[2m=[0mChunkPos { x: -3, z: 0 }[1m}[0m[2m:[0m[1mload_region[0m[1m{[0m[3mdimension[0m[2m=[0mOverworld[1m}[0m[2m:[0m [2mmdminecraft_world::persist[0m[2m:[0m Region file loaded successfully [3mchunk_count[0m[2m=[0m8
[2m2025-12-28T23:28:49.497990Z[0m [32m INFO[0m [1msave_chunk_in_dimension[0m[1m{[0m[3mdimension[0m[2m=[0moverworld [3mchunk_pos[0m[2m=[0mChunkPos { x: -3, z: 0 }[1m}[0m[2m:[0m[1mwrite_region[0m[1m{[0m[3mdimension[0m[2m=[0mOverworld [3mchunk_count[0m[2m=[0m9[1m}[0m[2m:[0m [2mmdminecraft_world::persist[0m[2m:[0m Region file written successfully [3mpath[0m[2m=[0m/tmp/mdminecraft_headless/run_4a16f31c475f0d5f/r.-1.0.rg
[2m2025-12-28T23:28:49.755535Z[0m [32m INFO[0m [1msave_chunk_in_dimension[0m[1m{[0m[3mdimension[0m[2m=[0moverworld [3mchunk_pos[0m[2m=[0mChunkPos { x: 3, z: -1 }[1m}[0m[2m:[0m[1mload_region[0m[1m{[0m[3mdimension[0m[2m=[0mOverworld[1m}[0m[2m:[0m [2mmdminecraft_world::persist[0m[2m:[0m Region file loaded successfully [3mchunk_count[0m[2m=[0m8
[2m2025-12-28T23:28:49.968816Z[0m [32m INFO[0m [1msave_chunk_in_dimension[0m[1m{[0m[3mdimension[0m[2m=[0moverworld [3mchunk_pos[0m[2m=[0mChunkPos { x: 3, z: -1 }[1m}[0m[2m:[0m[1mwrite_region[0m[1m{[0m[3mdimension[0m[2m=[0mOverworld [3mchunk_count[0m[2m=[0m9[1m}[0m[2m:[0m [2mmdminecraft_world::persist[0m[2m:[0m Region file written successfully [3mpath[0m[2m=[0m/tmp/mdminecraft_headless/run_4a16f31c475f0d5f/r.0.-1.rg
[2m2025-12-28T23:28:50.293302Z[0m [32m INFO[0m [1msave_chunk_in_dimension[0m[1m{[0m[3mdimension[0m[2m=[0moverworld [3mchunk_pos[0m[2m=[0mChunkPos { x: 0, z: 3 }[1m}[0m[2m:[0m[1mload_region[0m[1m{[0m[3mdimension[0m[2m=[0mOverworld[1m}[0m[2m:[0m [2mmdminecraft_world::persist[0m[2m:[0m Region file loaded successfully [3mchunk_count[0m[2m=[0m11
[2m2025-12-28T23:28:50.569677Z[0m [32m INFO[0m [1msave_chunk_in_dimension[0m[1m{[0m[3mdimension[0m[2m=[0moverworld [3mchunk_pos[0m[2m=[0mChunkPos { x: 0, z: 3 }[1m}[0m[2m:[0m[1mwrite_region[0m[1m{[0m[3mdimension[0m[2m=[0mOverworld [3mchunk_count[0m[2m=[0m12[1m}[0m[2m:[0m [2mmdminecraft_world::persist[0m[2m:[0m Region file written successfully [3mpath[0m[2m=[0m/tmp/mdminecraft_headless/run_4a16f31c475f0d5f/r.0.0.rg
[2m2025-12-28T23:28:50.952922Z[0m [32m INFO[0m [1msave_chunk_in_dimension[0m[1m{[0m[3mdimension[0m[2m=[0moverworld [3mchunk_pos[0m[2m=[0mChunkPos { x: 1, z: 1 }[1m}[0m[2m:[0m[1mload_region[0m[1m{[0m[3mdimension[0m[2m=[0mOverworld[1m}[0m[2m:[0m [2mmdminecraft_world::persist[0m[2m:[0m Region file loaded successfully [3mchunk_count[0m[2m=[0m12
[2m2025-12-28T23:28:51.259281Z[0m [32m INFO[0m [1msave_chunk_in_dimension[0m[1m{[0m[3mdimension[0m[2m=[0moverworld [3mchunk_pos[0m[2m=[0mChunkPos { x: 1, z: 1 }[1m}[0m[2m:[0m[1mwrite_region[0m[1m{[0m[3mdimension[0m[2m=[0mOverworld [3mchunk_count[0m[2m=[0m13[1m}[0m[2m:[0m [2mmdminecraft_world::persist[0m[2m:[0m Region file written successfully [3mpath[0m[2m=[0m/tmp/mdminecraft_headless/run_4a16f31c475f0d5f/r.0.0.rg
