{"capabilities":["hello","set_actions","pulse","set_view","command","get_state","step","screenshot","shutdown"],"event":"hello","id":1,"version":1}
{"event":"command_result","id":2,"lines":["Gamemode set to Creative"],"ok":true,"tick":0}
{"event":"command_result","id":3,"lines":["Teleported to 0.00 90.00 0.00"],"ok":true,"tick":0}
{"event":"ok","id":4}
{"event":"command_result","id":5,"lines":["Filled 81 blocks (replace) from -4 84 -4 to 4 84 4 with id=1 state=0"],"ok":true,"tick":0}
{"event":"command_result","id":6,"lines":["Set block at -2 85 0 to id=6 state=0"],"ok":true,"tick":0}
{"event":"command_result","id":7,"lines":["Set block at 2 85 0 to id=20 state=0"],"ok":true,"tick":0}
{"event":"stepped","id":8,"tick":2}
{"event":"screenshot","height":720,"id":9,"path":"video_+insights/exp_2025-12-27_01/tick_00000002_tag-iter36_lava_water_t2.png","tick":2,"width":1280}
Traceback (most recent call last):
  File "/home/md/language/mdminecraft/tools/harness_client/mdm_harness_client.py", line 196, in <module>
    raise SystemExit(main())
                     ^^^^^^
  File "/home/md/language/mdminecraft/tools/harness_client/mdm_harness_client.py", line 178, in main
    resp = read_json_line(reader)
           ^^^^^^^^^^^^^^^^^^^^^^
  File "/home/md/language/mdminecraft/tools/harness_client/mdm_harness_client.py", line 86, in read_json_line
    line = reader.readline()
           ^^^^^^^^^^^^^^^^^
  File "/usr/lib/python3.12/socket.py", line 707, in readinto
    return self._sock.recv_into(b)
           ^^^^^^^^^^^^^^^^^^^^^^^
TimeoutError: timed out
